   Compiling fc-rusty v0.0.1 (/home/phil/Documents/AG/FC-Rusty)
error[E0432]: unresolved imports `embassy_stm32::rcc::PllPDiv`, `embassy_stm32::rcc::PllQDiv`
   --> src/main.rs:191:64
    |
191 |         AHBPrescaler, APBPrescaler, Hse, HseMode, Pll, PllMul, PllPDiv, PllPreDiv, PllQDiv,
    |                                                                ^^^^^^^             ^^^^^^^ no `PllQDiv` in `rcc`
    |                                                                |
    |                                                                no `PllPDiv` in `rcc`
    |
help: a similar name exists in the module
    |
191 -         AHBPrescaler, APBPrescaler, Hse, HseMode, Pll, PllMul, PllPDiv, PllPreDiv, PllQDiv,
191 +         AHBPrescaler, APBPrescaler, Hse, HseMode, Pll, PllMul, PllDiv, PllPreDiv, PllQDiv,
    |
help: a similar name exists in the module
    |
191 -         AHBPrescaler, APBPrescaler, Hse, HseMode, Pll, PllMul, PllPDiv, PllPreDiv, PllQDiv,
191 +         AHBPrescaler, APBPrescaler, Hse, HseMode, Pll, PllMul, PllPDiv, PllPreDiv, PllDiv,
    |

error[E0609]: no field `pll_src` on type `embassy_stm32::rcc::Config`
   --> src/main.rs:199:16
    |
199 |     config.rcc.pll_src = PllSource::HSE;
    |                ^^^^^^^ unknown field
    |
    = note: available fields are: `hsi`, `hse`, `csi`, `hsi48`, `sys` ... and 13 others

error[E0609]: no field `pll` on type `embassy_stm32::rcc::Config`
   --> src/main.rs:200:16
    |
200 |     config.rcc.pll = Some(Pll {
    |                ^^^ unknown field
    |
help: a field with a similar name exists
    |
200 |     config.rcc.pll1 = Some(Pll {
    |                   +

error[E0063]: missing field `source` in initializer of `Pll`
   --> src/main.rs:200:27
    |
200 |     config.rcc.pll = Some(Pll {
    |                           ^^^ missing `source`

error[E0283]: type annotations needed
   --> src/drivers/dshot_hw.rs:304:40
    |
304 |             let req = self.dma_tim2_up.request();
    |                                        ^^^^^^^
    |
    = note: cannot satisfy `_: embassy_stm32::timer::BasicInstance`
    = help: the following types implement trait `embassy_stm32::timer::BasicInstance`:
              TIM1
              TIM12
              TIM13
              TIM14
              TIM6
              TIM8
              embassy_stm32::peripherals::TIM15
              embassy_stm32::peripherals::TIM16
            and 6 others
note: required by a bound in `embassy_stm32::timer::UpDma::request`
   --> /home/phil/.cargo/registry/src/index.crates.io-1949cf8c6b5b557f/embassy-stm32-0.4.0/src/macros.rs:79:30
    |
 79 |         pub trait $signal<T: $instance $(, M: $mode)?>: crate::dma::Channel {
    |                              ^^^^^^^^^ required by this bound in `UpDma::request`
...
 83 |             fn request(&self) -> crate::dma::Request;
    |                ------- required by a bound in this associated function
    |
   ::: /home/phil/.cargo/registry/src/index.crates.io-1949cf8c6b5b557f/embassy-stm32-0.4.0/src/timer/mod.rs:237:1
    |
237 | dma_trait!(UpDma, BasicInstance);
    | -------------------------------- in this macro invocation
    = note: this error originates in the macro `dma_trait` (in Nightly builds, run with -Z macro-backtrace for more info)
help: try using a fully qualified path to specify the expected types
    |
304 -             let req = self.dma_tim2_up.request();
304 +             let req = <DMA1_CH7 as UpDma<T>>::request(&self.dma_tim2_up);
    |

error[E0599]: no method named `dckcfgr1` found for struct `Rcc` in the current scope
  --> src/drivers/dshot_diag.rs:28:22
   |
28 |     let t = pac::RCC.dckcfgr1().read().timpre();
   |                      ^^^^^^^^
   |
help: there is a method `cfgr` with a similar name
   |
28 -     let t = pac::RCC.dckcfgr1().read().timpre();
28 +     let t = pac::RCC.cfgr().read().timpre();
   |

error[E0599]: no variant or associated item named `MUL2` found for enum `Timpre` in the current scope
  --> src/drivers/dshot_diag.rs:31:17
   |
31 |         Timpre::MUL2 => "MUL2 (timer = APB*2 = 108 MHz expected)",
   |                 ^^^^ variant or associated item not found in `Timpre`

error[E0599]: no variant or associated item named `MUL4` found for enum `Timpre` in the current scope
  --> src/drivers/dshot_diag.rs:32:17
   |
32 |         Timpre::MUL4 => "MUL4 (timer = HCLK = 216 MHz — DShot600 would be DShot1200)",
   |                 ^^^^ variant or associated item not found in `Timpre`

error[E0599]: no variant or associated item named `MUL2` found for enum `Timpre` in the current scope
  --> src/drivers/dshot_diag.rs:35:29
   |
35 |     if !matches!(t, Timpre::MUL2) {
   |                             ^^^^ variant or associated item not found in `Timpre`

warning: value assigned to `control_demand` is never read
    --> src/main.rs:1290:30
     |
1290 |     let mut control_demand = ControlDemand::default();
     |                              ^^^^^^^^^^^^^^^^^^^^^^^^
     |
     = help: maybe it is overwritten before being read?
     = note: `#[warn(unused_assignments)]` (part of `#[warn(unused)]`) on by default

Some errors have detailed explanations: E0063, E0283, E0432, E0599, E0609.
For more information about an error, try `rustc --explain E0063`.
warning: `fc-rusty` (bin "fc-firmware") generated 1 warning
error: could not compile `fc-rusty` (bin "fc-firmware") due to 9 previous errors; 1 warning emitted
